[    1191ms] [LOG] JQMIGRATE: Migrate is installed, version 3.4.1 @ https://mastik.net/wp-includes/js/jquery/jquery-migrate.min.js:1
[   62364ms] [WARNING] GSAP target  not found. https://greensock.com @ https://mastiknet5c1ed.zapwp.com/wp-content/themes/saira/assets/js/libs/gsap.min.js:9
[   62364ms] [WARNING] GSAP target  not found. https://greensock.com @ https://mastiknet5c1ed.zapwp.com/wp-content/themes/saira/assets/js/libs/gsap.min.js:9
[  466037ms] [INFO] %cDownload the React DevTools for a better development experience: https://react.dev/link/react-devtools font-weight:bold @ http://localhost:3000/_next/static/chunks/node_modules_next_dist_1e8vcs8._.js:776
[  466070ms] [LOG] [HMR] connected @ http://localhost:3000/_next/static/chunks/node_modules_next_dist_1e8vcs8._.js:776
[  466892ms] [LOG] JQMIGRATE: Migrate is installed, version 3.4.1 @ https://enigma.jetdomains.co.il/wp-includes/js/jquery/jquery-migrate.min.js?ver=3.4.1:1
[  467101ms] [WARNING] b Check that the two images have the same aspect ratio for the slider to work correctly. @ https://enigma.jetdomains.co.il/wp-content/plugins/jet-elements/assets/js/lib/juxtapose/juxtapose.min.js?ver=1.3.1:0
[  467744ms] [WARNING] Failed to execute 'postMessage' on 'DOMWindow': The target origin provided ('https://www.youtube.com') does not match the recipient window's origin ('https://enigma.jetdomains.co.il'). @ https://www.youtube.com/s/player/c74cbcd6/www-widgetapi.vflset/www-widgetapi.js:162
[  467744ms] [WARNING] Failed to execute 'postMessage' on 'DOMWindow': The target origin provided ('https://www.youtube.com') does not match the recipient window's origin ('https://enigma.jetdomains.co.il'). @ https://www.youtube.com/s/player/c74cbcd6/www-widgetapi.vflset/www-widgetapi.js:162
[  467751ms] [WARNING] Failed to execute 'postMessage' on 'DOMWindow': The target origin provided ('https://www.youtube.com') does not match the recipient window's origin ('https://enigma.jetdomains.co.il'). @ https://www.youtube.com/s/player/c74cbcd6/www-widgetapi.vflset/www-widgetapi.js:162
[  467751ms] [WARNING] Failed to execute 'postMessage' on 'DOMWindow': The target origin provided ('https://www.youtube.com') does not match the recipient window's origin ('https://enigma.jetdomains.co.il'). @ https://www.youtube.com/s/player/c74cbcd6/www-widgetapi.vflset/www-widgetapi.js:162
[  472398ms] [WARNING] Failed to execute 'postMessage' on 'DOMWindow': The target origin provided ('https://www.youtube.com') does not match the recipient window's origin ('https://enigma.jetdomains.co.il'). @ https://www.youtube.com/s/player/c74cbcd6/www-widgetapi.vflset/www-widgetapi.js:162
[  472398ms] [WARNING] Failed to execute 'postMessage' on 'DOMWindow': The target origin provided ('https://www.youtube.com') does not match the recipient window's origin ('https://enigma.jetdomains.co.il'). @ https://www.youtube.com/s/player/c74cbcd6/www-widgetapi.vflset/www-widgetapi.js:162
[  472398ms] [WARNING] Failed to execute 'postMessage' on 'DOMWindow': The target origin provided ('https://www.youtube.com') does not match the recipient window's origin ('https://enigma.jetdomains.co.il'). @ https://www.youtube.com/s/player/c74cbcd6/www-widgetapi.vflset/www-widgetapi.js:162
[  472402ms] [WARNING] Failed to execute 'postMessage' on 'DOMWindow': The target origin provided ('https://www.youtube.com') does not match the recipient window's origin ('https://enigma.jetdomains.co.il'). @ https://www.youtube.com/s/player/c74cbcd6/www-widgetapi.vflset/www-widgetapi.js:162
[  472402ms] [WARNING] Failed to execute 'postMessage' on 'DOMWindow': The target origin provided ('https://www.youtube.com') does not match the recipient window's origin ('https://enigma.jetdomains.co.il'). @ https://www.youtube.com/s/player/c74cbcd6/www-widgetapi.vflset/www-widgetapi.js:162
[  472649ms] [WARNING] Failed to execute 'postMessage' on 'DOMWindow': The target origin provided ('https://www.youtube.com') does not match the recipient window's origin ('https://enigma.jetdomains.co.il'). @ https://www.youtube.com/s/player/c74cbcd6/www-widgetapi.vflset/www-widgetapi.js:162
[  657371ms] [LOG] JQMIGRATE: Migrate is installed, version 3.4.1 @ https://enigma.jetdomains.co.il/wp-includes/js/jquery/jquery-migrate.min.js?ver=3.4.1:1
[  658410ms] [WARNING] b Check that the two images have the same aspect ratio for the slider to work correctly. @ https://enigma.jetdomains.co.il/wp-content/plugins/jet-elements/assets/js/lib/juxtapose/juxtapose.min.js?ver=1.3.1:0
[  659100ms] [WARNING] Failed to execute 'postMessage' on 'DOMWindow': The target origin provided ('https://www.youtube.com') does not match the recipient window's origin ('https://enigma.jetdomains.co.il'). @ https://www.youtube.com/s/player/c74cbcd6/www-widgetapi.vflset/www-widgetapi.js:162
[  659104ms] [WARNING] Failed to execute 'postMessage' on 'DOMWindow': The target origin provided ('https://www.youtube.com') does not match the recipient window's origin ('https://enigma.jetdomains.co.il'). @ https://www.youtube.com/s/player/c74cbcd6/www-widgetapi.vflset/www-widgetapi.js:162
[  659106ms] [WARNING] Failed to execute 'postMessage' on 'DOMWindow': The target origin provided ('https://www.youtube.com') does not match the recipient window's origin ('https://enigma.jetdomains.co.il'). @ https://www.youtube.com/s/player/c74cbcd6/www-widgetapi.vflset/www-widgetapi.js:162
[  659108ms] [WARNING] Failed to execute 'postMessage' on 'DOMWindow': The target origin provided ('https://www.youtube.com') does not match the recipient window's origin ('https://enigma.jetdomains.co.il'). @ https://www.youtube.com/s/player/c74cbcd6/www-widgetapi.vflset/www-widgetapi.js:162
[  663684ms] [WARNING] Failed to execute 'postMessage' on 'DOMWindow': The target origin provided ('https://www.youtube.com') does not match the recipient window's origin ('https://enigma.jetdomains.co.il'). @ https://www.youtube.com/s/player/c74cbcd6/www-widgetapi.vflset/www-widgetapi.js:162
[  663690ms] [WARNING] Failed to execute 'postMessage' on 'DOMWindow': The target origin provided ('https://www.youtube.com') does not match the recipient window's origin ('https://enigma.jetdomains.co.il'). @ https://www.youtube.com/s/player/c74cbcd6/www-widgetapi.vflset/www-widgetapi.js:162
[  663692ms] [WARNING] Failed to execute 'postMessage' on 'DOMWindow': The target origin provided ('https://www.youtube.com') does not match the recipient window's origin ('https://enigma.jetdomains.co.il'). @ https://www.youtube.com/s/player/c74cbcd6/www-widgetapi.vflset/www-widgetapi.js:162
[  663698ms] [WARNING] Failed to execute 'postMessage' on 'DOMWindow': The target origin provided ('https://www.youtube.com') does not match the recipient window's origin ('https://enigma.jetdomains.co.il'). @ https://www.youtube.com/s/player/c74cbcd6/www-widgetapi.vflset/www-widgetapi.js:162
[  663699ms] [WARNING] Failed to execute 'postMessage' on 'DOMWindow': The target origin provided ('https://www.youtube.com') does not match the recipient window's origin ('https://enigma.jetdomains.co.il'). @ https://www.youtube.com/s/player/c74cbcd6/www-widgetapi.vflset/www-widgetapi.js:162
[  724342ms] [LOG] JQMIGRATE: Migrate is installed, version 3.4.1 @ https://enigma.jetdomains.co.il/wp-includes/js/jquery/jquery-migrate.min.js?ver=3.4.1:1
[  725368ms] [WARNING] b Check that the two images have the same aspect ratio for the slider to work correctly. @ https://enigma.jetdomains.co.il/wp-content/plugins/jet-elements/assets/js/lib/juxtapose/juxtapose.min.js?ver=1.3.1:0
[  726024ms] [WARNING] Failed to execute 'postMessage' on 'DOMWindow': The target origin provided ('https://www.youtube.com') does not match the recipient window's origin ('https://enigma.jetdomains.co.il'). @ https://www.youtube.com/s/player/c74cbcd6/www-widgetapi.vflset/www-widgetapi.js:162
[  726028ms] [WARNING] Failed to execute 'postMessage' on 'DOMWindow': The target origin provided ('https://www.youtube.com') does not match the recipient window's origin ('https://enigma.jetdomains.co.il'). @ https://www.youtube.com/s/player/c74cbcd6/www-widgetapi.vflset/www-widgetapi.js:162
[  726031ms] [WARNING] Failed to execute 'postMessage' on 'DOMWindow': The target origin provided ('https://www.youtube.com') does not match the recipient window's origin ('https://enigma.jetdomains.co.il'). @ https://www.youtube.com/s/player/c74cbcd6/www-widgetapi.vflset/www-widgetapi.js:162
[  726034ms] [WARNING] Failed to execute 'postMessage' on 'DOMWindow': The target origin provided ('https://www.youtube.com') does not match the recipient window's origin ('https://enigma.jetdomains.co.il'). @ https://www.youtube.com/s/player/c74cbcd6/www-widgetapi.vflset/www-widgetapi.js:162
[  730639ms] [WARNING] Failed to execute 'postMessage' on 'DOMWindow': The target origin provided ('https://www.youtube.com') does not match the recipient window's origin ('https://enigma.jetdomains.co.il'). @ https://www.youtube.com/s/player/c74cbcd6/www-widgetapi.vflset/www-widgetapi.js:162
[  730645ms] [WARNING] Failed to execute 'postMessage' on 'DOMWindow': The target origin provided ('https://www.youtube.com') does not match the recipient window's origin ('https://enigma.jetdomains.co.il'). @ https://www.youtube.com/s/player/c74cbcd6/www-widgetapi.vflset/www-widgetapi.js:162
[  730647ms] [WARNING] Failed to execute 'postMessage' on 'DOMWindow': The target origin provided ('https://www.youtube.com') does not match the recipient window's origin ('https://enigma.jetdomains.co.il'). @ https://www.youtube.com/s/player/c74cbcd6/www-widgetapi.vflset/www-widgetapi.js:162
[  730651ms] [WARNING] Failed to execute 'postMessage' on 'DOMWindow': The target origin provided ('https://www.youtube.com') does not match the recipient window's origin ('https://enigma.jetdomains.co.il'). @ https://www.youtube.com/s/player/c74cbcd6/www-widgetapi.vflset/www-widgetapi.js:162
[  730654ms] [WARNING] Failed to execute 'postMessage' on 'DOMWindow': The target origin provided ('https://www.youtube.com') does not match the recipient window's origin ('https://enigma.jetdomains.co.il'). @ https://www.youtube.com/s/player/c74cbcd6/www-widgetapi.vflset/www-widgetapi.js:162
[  764281ms] [LOG] JQMIGRATE: Migrate is installed, version 3.4.1 @ https://enigma.jetdomains.co.il/wp-includes/js/jquery/jquery-migrate.min.js?ver=3.4.1:1
[  765078ms] [WARNING] b Check that the two images have the same aspect ratio for the slider to work correctly. @ https://enigma.jetdomains.co.il/wp-content/plugins/jet-elements/assets/js/lib/juxtapose/juxtapose.min.js?ver=1.3.1:0
[  766144ms] [WARNING] Failed to execute 'postMessage' on 'DOMWindow': The target origin provided ('https://www.youtube.com') does not match the recipient window's origin ('https://enigma.jetdomains.co.il'). @ https://www.youtube.com/s/player/c74cbcd6/www-widgetapi.vflset/www-widgetapi.js:162
[  766149ms] [WARNING] Failed to execute 'postMessage' on 'DOMWindow': The target origin provided ('https://www.youtube.com') does not match the recipient window's origin ('https://enigma.jetdomains.co.il'). @ https://www.youtube.com/s/player/c74cbcd6/www-widgetapi.vflset/www-widgetapi.js:162
[  766154ms] [WARNING] Failed to execute 'postMessage' on 'DOMWindow': The target origin provided ('https://www.youtube.com') does not match the recipient window's origin ('https://enigma.jetdomains.co.il'). @ https://www.youtube.com/s/player/c74cbcd6/www-widgetapi.vflset/www-widgetapi.js:162
[  766154ms] [WARNING] Failed to execute 'postMessage' on 'DOMWindow': The target origin provided ('https://www.youtube.com') does not match the recipient window's origin ('https://enigma.jetdomains.co.il'). @ https://www.youtube.com/s/player/c74cbcd6/www-widgetapi.vflset/www-widgetapi.js:162
[  770412ms] [WARNING] Failed to execute 'postMessage' on 'DOMWindow': The target origin provided ('https://www.youtube.com') does not match the recipient window's origin ('https://enigma.jetdomains.co.il'). @ https://www.youtube.com/s/player/c74cbcd6/www-widgetapi.vflset/www-widgetapi.js:162
[  770417ms] [WARNING] Failed to execute 'postMessage' on 'DOMWindow': The target origin provided ('https://www.youtube.com') does not match the recipient window's origin ('https://enigma.jetdomains.co.il'). @ https://www.youtube.com/s/player/c74cbcd6/www-widgetapi.vflset/www-widgetapi.js:162
[  770422ms] [WARNING] Failed to execute 'postMessage' on 'DOMWindow': The target origin provided ('https://www.youtube.com') does not match the recipient window's origin ('https://enigma.jetdomains.co.il'). @ https://www.youtube.com/s/player/c74cbcd6/www-widgetapi.vflset/www-widgetapi.js:162
[  770427ms] [WARNING] Failed to execute 'postMessage' on 'DOMWindow': The target origin provided ('https://www.youtube.com') does not match the recipient window's origin ('https://enigma.jetdomains.co.il'). @ https://www.youtube.com/s/player/c74cbcd6/www-widgetapi.vflset/www-widgetapi.js:162
[  770432ms] [WARNING] Failed to execute 'postMessage' on 'DOMWindow': The target origin provided ('https://www.youtube.com') does not match the recipient window's origin ('https://enigma.jetdomains.co.il'). @ https://www.youtube.com/s/player/c74cbcd6/www-widgetapi.vflset/www-widgetapi.js:162
